<?xml version="1.0" encoding="ISO-8859-1" ?>
<link_info>
   <banner>TI ARM Linker PC v20.2.7.LTS</banner>
   <copyright>Copyright (c) 1996-2018 Texas Instruments Incorporated</copyright>
   <link_time>0x673cebf3</link_time>
   <link_errors>0x0</link_errors>
   <output_file>Waste_Management.out</output_file>
   <entry_point>
      <name>_c_int00_noargs</name>
      <address>0x35b1</address>
   </entry_point>
   <input_file_list>
      <input_file id="fl-2">
         <path>.\</path>
         <kind>object</kind>
         <file>Graph.obj</file>
         <name>Graph.obj</name>
      </input_file>
      <input_file id="fl-3">
         <path>.\</path>
         <kind>object</kind>
         <file>LinearInterp.obj</file>
         <name>LinearInterp.obj</name>
      </input_file>
      <input_file id="fl-4">
         <path>.\</path>
         <kind>object</kind>
         <file>Timer.obj</file>
         <name>Timer.obj</name>
      </input_file>
      <input_file id="fl-5">
         <path>.\</path>
         <kind>object</kind>
         <file>adc.obj</file>
         <name>adc.obj</name>
      </input_file>
      <input_file id="fl-6">
         <path>.\</path>
         <kind>object</kind>
         <file>button.obj</file>
         <name>button.obj</name>
      </input_file>
      <input_file id="fl-7">
         <path>.\</path>
         <kind>object</kind>
         <file>circular_array.obj</file>
         <name>circular_array.obj</name>
      </input_file>
      <input_file id="fl-8">
         <path>.\</path>
         <kind>object</kind>
         <file>cliff.obj</file>
         <name>cliff.obj</name>
      </input_file>
      <input_file id="fl-9">
         <path>.\</path>
         <kind>object</kind>
         <file>filter.obj</file>
         <name>filter.obj</name>
      </input_file>
      <input_file id="fl-a">
         <path>.\</path>
         <kind>object</kind>
         <file>lcd.obj</file>
         <name>lcd.obj</name>
      </input_file>
      <input_file id="fl-b">
         <path>.\</path>
         <kind>object</kind>
         <file>main.obj</file>
         <name>main.obj</name>
      </input_file>
      <input_file id="fl-c">
         <path>.\</path>
         <kind>object</kind>
         <file>movement.obj</file>
         <name>movement.obj</name>
      </input_file>
      <input_file id="fl-d">
         <path>.\</path>
         <kind>object</kind>
         <file>navigate.obj</file>
         <name>navigate.obj</name>
      </input_file>
      <input_file id="fl-e">
         <path>.\</path>
         <kind>object</kind>
         <file>open_interface.obj</file>
         <name>open_interface.obj</name>
      </input_file>
      <input_file id="fl-f">
         <path>.\</path>
         <kind>object</kind>
         <file>ping.obj</file>
         <name>ping.obj</name>
      </input_file>
      <input_file id="fl-10">
         <path>.\</path>
         <kind>object</kind>
         <file>tm4c123gh6pm_startup_ccs.obj</file>
         <name>tm4c123gh6pm_startup_ccs.obj</name>
      </input_file>
      <input_file id="fl-11">
         <path>.\</path>
         <kind>object</kind>
         <file>uart.obj</file>
         <name>uart.obj</name>
      </input_file>
      <input_file id="fl-16">
         <kind>object</kind>
         <file>&lt;internal&gt;</file>
         <name>&lt;internal&gt;</name>
      </input_file>
      <input_file id="fl-cc">
         <path>C:\ti\ccs1271\ccs\tools\compiler\ti-cgt-arm_20.2.7.LTS\lib\</path>
         <kind>archive</kind>
         <file>rtsv7M4_T_le_v4SPD16_eabi.lib</file>
         <name>e_hypot.c.obj</name>
      </input_file>
      <input_file id="fl-cd">
         <path>C:\ti\ccs1271\ccs\tools\compiler\ti-cgt-arm_20.2.7.LTS\lib\</path>
         <kind>archive</kind>
         <file>rtsv7M4_T_le_v4SPD16_eabi.lib</file>
         <name>e_atan2.c.obj</name>
      </input_file>
      <input_file id="fl-ce">
         <path>C:\ti\ccs1271\ccs\tools\compiler\ti-cgt-arm_20.2.7.LTS\lib\</path>
         <kind>archive</kind>
         <file>rtsv7M4_T_le_v4SPD16_eabi.lib</file>
         <name>e_pow.c.obj</name>
      </input_file>
      <input_file id="fl-cf">
         <path>C:\ti\ccs1271\ccs\tools\compiler\ti-cgt-arm_20.2.7.LTS\lib\</path>
         <kind>archive</kind>
         <file>rtsv7M4_T_le_v4SPD16_eabi.lib</file>
         <name>e_sqrt.c.obj</name>
      </input_file>
      <input_file id="fl-d0">
         <path>C:\ti\ccs1271\ccs\tools\compiler\ti-cgt-arm_20.2.7.LTS\lib\</path>
         <kind>archive</kind>
         <file>rtsv7M4_T_le_v4SPD16_eabi.lib</file>
         <name>s_atan.c.obj</name>
      </input_file>
      <input_file id="fl-d1">
         <path>C:\ti\ccs1271\ccs\tools\compiler\ti-cgt-arm_20.2.7.LTS\lib\</path>
         <kind>archive</kind>
         <file>rtsv7M4_T_le_v4SPD16_eabi.lib</file>
         <name>s_cos.c.obj</name>
      </input_file>
      <input_file id="fl-d2">
         <path>C:\ti\ccs1271\ccs\tools\compiler\ti-cgt-arm_20.2.7.LTS\lib\</path>
         <kind>archive</kind>
         <file>rtsv7M4_T_le_v4SPD16_eabi.lib</file>
         <name>s_scalbn.c.obj</name>
      </input_file>
      <input_file id="fl-d3">
         <path>C:\ti\ccs1271\ccs\tools\compiler\ti-cgt-arm_20.2.7.LTS\lib\</path>
         <kind>archive</kind>
         <file>rtsv7M4_T_le_v4SPD16_eabi.lib</file>
         <name>s_sin.c.obj</name>
      </input_file>
      <input_file id="fl-d4">
         <path>C:\ti\ccs1271\ccs\tools\compiler\ti-cgt-arm_20.2.7.LTS\lib\</path>
         <kind>archive</kind>
         <file>rtsv7M4_T_le_v4SPD16_eabi.lib</file>
         <name>s_tan.c.obj</name>
      </input_file>
      <input_file id="fl-d5">
         <path>C:\ti\ccs1271\ccs\tools\compiler\ti-cgt-arm_20.2.7.LTS\lib\</path>
         <kind>archive</kind>
         <file>rtsv7M4_T_le_v4SPD16_eabi.lib</file>
         <name>sprintf.c.obj</name>
      </input_file>
      <input_file id="fl-d6">
         <path>C:\ti\ccs1271\ccs\tools\compiler\ti-cgt-arm_20.2.7.LTS\lib\</path>
         <kind>archive</kind>
         <file>rtsv7M4_T_le_v4SPD16_eabi.lib</file>
         <name>vsnprintf.c.obj</name>
      </input_file>
      <input_file id="fl-d7">
         <path>C:\ti\ccs1271\ccs\tools\compiler\ti-cgt-arm_20.2.7.LTS\lib\</path>
         <kind>archive</kind>
         <file>rtsv7M4_T_le_v4SPD16_eabi.lib</file>
         <name>fd_add_t2.asm.obj</name>
      </input_file>
      <input_file id="fl-d8">
         <path>C:\ti\ccs1271\ccs\tools\compiler\ti-cgt-arm_20.2.7.LTS\lib\</path>
         <kind>archive</kind>
         <file>rtsv7M4_T_le_v4SPD16_eabi.lib</file>
         <name>fd_cmp_t2.asm.obj</name>
      </input_file>
      <input_file id="fl-d9">
         <path>C:\ti\ccs1271\ccs\tools\compiler\ti-cgt-arm_20.2.7.LTS\lib\</path>
         <kind>archive</kind>
         <file>rtsv7M4_T_le_v4SPD16_eabi.lib</file>
         <name>fd_div_t2.asm.obj</name>
      </input_file>
      <input_file id="fl-da">
         <path>C:\ti\ccs1271\ccs\tools\compiler\ti-cgt-arm_20.2.7.LTS\lib\</path>
         <kind>archive</kind>
         <file>rtsv7M4_T_le_v4SPD16_eabi.lib</file>
         <name>fd_mul_t2.asm.obj</name>
      </input_file>
      <input_file id="fl-db">
         <path>C:\ti\ccs1271\ccs\tools\compiler\ti-cgt-arm_20.2.7.LTS\lib\</path>
         <kind>archive</kind>
         <file>rtsv7M4_T_le_v4SPD16_eabi.lib</file>
         <name>fd_toi_t2.asm.obj</name>
      </input_file>
      <input_file id="fl-dc">
         <path>C:\ti\ccs1271\ccs\tools\compiler\ti-cgt-arm_20.2.7.LTS\lib\</path>
         <kind>archive</kind>
         <file>rtsv7M4_T_le_v4SPD16_eabi.lib</file>
         <name>fd_tos_t2.asm.obj</name>
      </input_file>
      <input_file id="fl-dd">
         <path>C:\ti\ccs1271\ccs\tools\compiler\ti-cgt-arm_20.2.7.LTS\lib\</path>
         <kind>archive</kind>
         <file>rtsv7M4_T_le_v4SPD16_eabi.lib</file>
         <name>fs_tod_t2.asm.obj</name>
      </input_file>
      <input_file id="fl-de">
         <path>C:\ti\ccs1271\ccs\tools\compiler\ti-cgt-arm_20.2.7.LTS\lib\</path>
         <kind>archive</kind>
         <file>rtsv7M4_T_le_v4SPD16_eabi.lib</file>
         <name>i_tofd_t2.asm.obj</name>
      </input_file>
      <input_file id="fl-df">
         <path>C:\ti\ccs1271\ccs\tools\compiler\ti-cgt-arm_20.2.7.LTS\lib\</path>
         <kind>archive</kind>
         <file>rtsv7M4_T_le_v4SPD16_eabi.lib</file>
         <name>memcpy_t2.asm.obj</name>
      </input_file>
      <input_file id="fl-e0">
         <path>C:\ti\ccs1271\ccs\tools\compiler\ti-cgt-arm_20.2.7.LTS\lib\</path>
         <kind>archive</kind>
         <file>rtsv7M4_T_le_v4SPD16_eabi.lib</file>
         <name>copy_zero_init.c.obj</name>
      </input_file>
      <input_file id="fl-e1">
         <path>C:\ti\ccs1271\ccs\tools\compiler\ti-cgt-arm_20.2.7.LTS\lib\</path>
         <kind>archive</kind>
         <file>rtsv7M4_T_le_v4SPD16_eabi.lib</file>
         <name>copy_decompress_none.c.obj</name>
      </input_file>
      <input_file id="fl-e2">
         <path>C:\ti\ccs1271\ccs\tools\compiler\ti-cgt-arm_20.2.7.LTS\lib\</path>
         <kind>archive</kind>
         <file>rtsv7M4_T_le_v4SPD16_eabi.lib</file>
         <name>copy_decompress_lzss.c.obj</name>
      </input_file>
      <input_file id="fl-e3">
         <path>C:\ti\ccs1271\ccs\tools\compiler\ti-cgt-arm_20.2.7.LTS\lib\</path>
         <kind>archive</kind>
         <file>rtsv7M4_T_le_v4SPD16_eabi.lib</file>
         <name>memory.c.obj</name>
      </input_file>
      <input_file id="fl-e4">
         <path>C:\ti\ccs1271\ccs\tools\compiler\ti-cgt-arm_20.2.7.LTS\lib\</path>
         <kind>archive</kind>
         <file>rtsv7M4_T_le_v4SPD16_eabi.lib</file>
         <name>strcmp.c.obj</name>
      </input_file>
      <input_file id="fl-e5">
         <path>C:\ti\ccs1271\ccs\tools\compiler\ti-cgt-arm_20.2.7.LTS\lib\</path>
         <kind>archive</kind>
         <file>rtsv7M4_T_le_v4SPD16_eabi.lib</file>
         <name>strcpy.c.obj</name>
      </input_file>
      <input_file id="fl-e6">
         <path>C:\ti\ccs1271\ccs\tools\compiler\ti-cgt-arm_20.2.7.LTS\lib\</path>
         <kind>archive</kind>
         <file>rtsv7M4_T_le_v4SPD16_eabi.lib</file>
         <name>k_rem_pio2.c.obj</name>
      </input_file>
      <input_file id="fl-e7">
         <path>C:\ti\ccs1271\ccs\tools\compiler\ti-cgt-arm_20.2.7.LTS\lib\</path>
         <kind>archive</kind>
         <file>rtsv7M4_T_le_v4SPD16_eabi.lib</file>
         <name>boot_cortex_m.c.obj</name>
      </input_file>
      <input_file id="fl-e8">
         <path>C:\ti\ccs1271\ccs\tools\compiler\ti-cgt-arm_20.2.7.LTS\lib\</path>
         <kind>archive</kind>
         <file>rtsv7M4_T_le_v4SPD16_eabi.lib</file>
         <name>errno.c.obj</name>
      </input_file>
      <input_file id="fl-e9">
         <path>C:\ti\ccs1271\ccs\tools\compiler\ti-cgt-arm_20.2.7.LTS\lib\</path>
         <kind>archive</kind>
         <file>rtsv7M4_T_le_v4SPD16_eabi.lib</file>
         <name>s_copysign.c.obj</name>
      </input_file>
      <input_file id="fl-ea">
         <path>C:\ti\ccs1271\ccs\tools\compiler\ti-cgt-arm_20.2.7.LTS\lib\</path>
         <kind>archive</kind>
         <file>rtsv7M4_T_le_v4SPD16_eabi.lib</file>
         <name>k_cos.c.obj</name>
      </input_file>
      <input_file id="fl-eb">
         <path>C:\ti\ccs1271\ccs\tools\compiler\ti-cgt-arm_20.2.7.LTS\lib\</path>
         <kind>archive</kind>
         <file>rtsv7M4_T_le_v4SPD16_eabi.lib</file>
         <name>k_sin.c.obj</name>
      </input_file>
      <input_file id="fl-ec">
         <path>C:\ti\ccs1271\ccs\tools\compiler\ti-cgt-arm_20.2.7.LTS\lib\</path>
         <kind>archive</kind>
         <file>rtsv7M4_T_le_v4SPD16_eabi.lib</file>
         <name>k_tan.c.obj</name>
      </input_file>
      <input_file id="fl-ed">
         <path>C:\ti\ccs1271\ccs\tools\compiler\ti-cgt-arm_20.2.7.LTS\lib\</path>
         <kind>archive</kind>
         <file>rtsv7M4_T_le_v4SPD16_eabi.lib</file>
         <name>s_floor.c.obj</name>
      </input_file>
      <input_file id="fl-ee">
         <path>C:\ti\ccs1271\ccs\tools\compiler\ti-cgt-arm_20.2.7.LTS\lib\</path>
         <kind>archive</kind>
         <file>rtsv7M4_T_le_v4SPD16_eabi.lib</file>
         <name>_printfi.c.obj</name>
      </input_file>
      <input_file id="fl-ef">
         <path>C:\ti\ccs1271\ccs\tools\compiler\ti-cgt-arm_20.2.7.LTS\lib\</path>
         <kind>archive</kind>
         <file>rtsv7M4_T_le_v4SPD16_eabi.lib</file>
         <name>memset_t2.asm.obj</name>
      </input_file>
      <input_file id="fl-f0">
         <path>C:\ti\ccs1271\ccs\tools\compiler\ti-cgt-arm_20.2.7.LTS\lib\</path>
         <kind>archive</kind>
         <file>rtsv7M4_T_le_v4SPD16_eabi.lib</file>
         <name>ull_div_t2.asm.obj</name>
      </input_file>
      <input_file id="fl-f1">
         <path>C:\ti\ccs1271\ccs\tools\compiler\ti-cgt-arm_20.2.7.LTS\lib\</path>
         <kind>archive</kind>
         <file>rtsv7M4_T_le_v4SPD16_eabi.lib</file>
         <name>autoinit.c.obj</name>
      </input_file>
      <input_file id="fl-f2">
         <path>C:\ti\ccs1271\ccs\tools\compiler\ti-cgt-arm_20.2.7.LTS\lib\</path>
         <kind>archive</kind>
         <file>rtsv7M4_T_le_v4SPD16_eabi.lib</file>
         <name>pre_init.c.obj</name>
      </input_file>
      <input_file id="fl-f3">
         <path>C:\ti\ccs1271\ccs\tools\compiler\ti-cgt-arm_20.2.7.LTS\lib\</path>
         <kind>archive</kind>
         <file>rtsv7M4_T_le_v4SPD16_eabi.lib</file>
         <name>cpy_tbl.c.obj</name>
      </input_file>
      <input_file id="fl-f4">
         <path>C:\ti\ccs1271\ccs\tools\compiler\ti-cgt-arm_20.2.7.LTS\lib\</path>
         <kind>archive</kind>
         <file>rtsv7M4_T_le_v4SPD16_eabi.lib</file>
         <name>exit.c.obj</name>
      </input_file>
      <input_file id="fl-f5">
         <path>C:\ti\ccs1271\ccs\tools\compiler\ti-cgt-arm_20.2.7.LTS\lib\</path>
         <kind>archive</kind>
         <file>rtsv7M4_T_le_v4SPD16_eabi.lib</file>
         <name>_lock.c.obj</name>
      </input_file>
      <input_file id="fl-f6">
         <path>C:\ti\ccs1271\ccs\tools\compiler\ti-cgt-arm_20.2.7.LTS\lib\</path>
         <kind>archive</kind>
         <file>rtsv7M4_T_le_v4SPD16_eabi.lib</file>
         <name>_ltoa.c.obj</name>
      </input_file>
      <input_file id="fl-f7">
         <path>C:\ti\ccs1271\ccs\tools\compiler\ti-cgt-arm_20.2.7.LTS\lib\</path>
         <kind>archive</kind>
         <file>rtsv7M4_T_le_v4SPD16_eabi.lib</file>
         <name>args_main.c.obj</name>
      </input_file>
      <input_file id="fl-f8">
         <path>C:\ti\ccs1271\ccs\tools\compiler\ti-cgt-arm_20.2.7.LTS\lib\</path>
         <kind>archive</kind>
         <file>rtsv7M4_T_le_v4SPD16_eabi.lib</file>
         <name>atoi.c.obj</name>
      </input_file>
      <input_file id="fl-f9">
         <path>C:\ti\ccs1271\ccs\tools\compiler\ti-cgt-arm_20.2.7.LTS\lib\</path>
         <kind>archive</kind>
         <file>rtsv7M4_T_le_v4SPD16_eabi.lib</file>
         <name>ctype.c.obj</name>
      </input_file>
      <input_file id="fl-fa">
         <path>C:\ti\ccs1271\ccs\tools\compiler\ti-cgt-arm_20.2.7.LTS\lib\</path>
         <kind>archive</kind>
         <file>rtsv7M4_T_le_v4SPD16_eabi.lib</file>
         <name>memccpy.c.obj</name>
      </input_file>
      <input_file id="fl-fb">
         <path>C:\ti\ccs1271\ccs\tools\compiler\ti-cgt-arm_20.2.7.LTS\lib\</path>
         <kind>archive</kind>
         <file>rtsv7M4_T_le_v4SPD16_eabi.lib</file>
         <name>strchr.c.obj</name>
      </input_file>
      <input_file id="fl-fc">
         <path>C:\ti\ccs1271\ccs\tools\compiler\ti-cgt-arm_20.2.7.LTS\lib\</path>
         <kind>archive</kind>
         <file>rtsv7M4_T_le_v4SPD16_eabi.lib</file>
         <name>strlen.c.obj</name>
      </input_file>
      <input_file id="fl-fd">
         <path>C:\ti\ccs1271\ccs\tools\compiler\ti-cgt-arm_20.2.7.LTS\lib\</path>
         <kind>archive</kind>
         <file>rtsv7M4_T_le_v4SPD16_eabi.lib</file>
         <name>wcslen.c.obj</name>
      </input_file>
      <input_file id="fl-fe">
         <path>C:\ti\ccs1271\ccs\tools\compiler\ti-cgt-arm_20.2.7.LTS\lib\</path>
         <kind>archive</kind>
         <file>rtsv7M4_T_le_v4SPD16_eabi.lib</file>
         <name>s_frexp.c.obj</name>
      </input_file>
      <input_file id="fl-ff">
         <path>C:\ti\ccs1271\ccs\tools\compiler\ti-cgt-arm_20.2.7.LTS\lib\</path>
         <kind>archive</kind>
         <file>rtsv7M4_T_le_v4SPD16_eabi.lib</file>
         <name>div0.asm.obj</name>
      </input_file>
      <input_file id="fl-100">
         <path>C:\ti\TivaWare_C_Series-2.2.0.295\driverlib\ccs\Debug\</path>
         <kind>archive</kind>
         <file>driverlib.lib</file>
         <name>interrupt.obj</name>
      </input_file>
      <input_file id="fl-101">
         <path>C:\ti\TivaWare_C_Series-2.2.0.295\driverlib\ccs\Debug\</path>
         <kind>archive</kind>
         <file>driverlib.lib</file>
         <name>cpu.obj</name>
      </input_file>
   </input_file_list>
   <object_component_list>
      <object_component id="oc-12">
         <name>.intvecs</name>
         <load_address>0x0</load_address>
         <run_address>0x0</run_address>
         <size>0x26c</size>
         <input_file_ref idref="fl-10"/>
      </object_component>
      <object_component id="oc-e8">
         <name>.text</name>
         <load_address>0x26c</load_address>
         <run_address>0x26c</run_address>
         <size>0xc20</size>
         <input_file_ref idref="fl-e"/>
      </object_component>
      <object_component id="oc-1f1">
         <name>.text:__TI_printfi</name>
         <load_address>0xe8c</load_address>
         <run_address>0xe8c</run_address>
         <size>0xa4e</size>
         <input_file_ref idref="fl-ee"/>
      </object_component>
      <object_component id="oc-240">
         <name>.text:_nop</name>
         <load_address>0x18da</load_address>
         <run_address>0x18da</run_address>
         <size>0x2</size>
         <input_file_ref idref="fl-f5"/>
      </object_component>
      <object_component id="oc-e2">
         <name>.text</name>
         <load_address>0x18dc</load_address>
         <run_address>0x18dc</run_address>
         <size>0x328</size>
         <input_file_ref idref="fl-a"/>
      </object_component>
      <object_component id="oc-296">
         <name>.text:_pconv_a</name>
         <load_address>0x1c04</load_address>
         <run_address>0x1c04</run_address>
         <size>0x270</size>
         <input_file_ref idref="fl-ee"/>
      </object_component>
      <object_component id="oc-dc">
         <name>.text</name>
         <load_address>0x1e74</load_address>
         <run_address>0x1e74</run_address>
         <size>0x248</size>
         <input_file_ref idref="fl-4"/>
      </object_component>
      <object_component id="oc-284">
         <name>.text:_pconv_g</name>
         <load_address>0x20bc</load_address>
         <run_address>0x20bc</run_address>
         <size>0x1d0</size>
         <input_file_ref idref="fl-ee"/>
      </object_component>
      <object_component id="oc-1a5">
         <name>.text</name>
         <load_address>0x228c</load_address>
         <run_address>0x228c</run_address>
         <size>0x1b6</size>
         <input_file_ref idref="fl-d7"/>
      </object_component>
      <object_component id="oc-354">
         <name>.text</name>
         <load_address>0x2442</load_address>
         <run_address>0x2442</run_address>
         <size>0x2</size>
         <input_file_ref idref="fl-ff"/>
      </object_component>
      <object_component id="oc-290">
         <name>.text:_pconv_e</name>
         <load_address>0x2444</load_address>
         <run_address>0x2444</run_address>
         <size>0x13c</size>
         <input_file_ref idref="fl-ee"/>
      </object_component>
      <object_component id="oc-19b">
         <name>.text</name>
         <load_address>0x2580</load_address>
         <run_address>0x2580</run_address>
         <size>0x136</size>
         <input_file_ref idref="fl-d9"/>
      </object_component>
      <object_component id="oc-ee">
         <name>.text</name>
         <load_address>0x26b6</load_address>
         <run_address>0x26b6</run_address>
         <size>0x126</size>
         <input_file_ref idref="fl-8"/>
      </object_component>
      <object_component id="oc-309">
         <name>.text:fcvt</name>
         <load_address>0x27dc</load_address>
         <run_address>0x27dc</run_address>
         <size>0x124</size>
         <input_file_ref idref="fl-ee"/>
      </object_component>
      <object_component id="oc-31d">
         <name>.text:scalbn</name>
         <load_address>0x2900</load_address>
         <run_address>0x2900</run_address>
         <size>0x110</size>
         <input_file_ref idref="fl-d2"/>
      </object_component>
      <object_component id="oc-2c2">
         <name>.text:aligned_alloc</name>
         <load_address>0x2a10</load_address>
         <run_address>0x2a10</run_address>
         <size>0x100</size>
         <input_file_ref idref="fl-e3"/>
      </object_component>
      <object_component id="oc-196">
         <name>.text</name>
         <load_address>0x2b10</load_address>
         <run_address>0x2b10</run_address>
         <size>0xfc</size>
         <input_file_ref idref="fl-da"/>
      </object_component>
      <object_component id="oc-180">
         <name>.text:free</name>
         <load_address>0x2c0c</load_address>
         <run_address>0x2c0c</run_address>
         <size>0xe4</size>
         <input_file_ref idref="fl-e3"/>
      </object_component>
      <object_component id="oc-279">
         <name>.text:_ltostr</name>
         <load_address>0x2cf0</load_address>
         <run_address>0x2cf0</run_address>
         <size>0xb1</size>
         <input_file_ref idref="fl-ee"/>
      </object_component>
      <object_component id="oc-3e">
         <name>.text</name>
         <load_address>0x2da2</load_address>
         <run_address>0x2da2</run_address>
         <size>0x9c</size>
         <input_file_ref idref="fl-df"/>
      </object_component>
      <object_component id="oc-2e5">
         <name>.text</name>
         <load_address>0x2e3e</load_address>
         <run_address>0x2e3e</run_address>
         <size>0x96</size>
         <input_file_ref idref="fl-f0"/>
      </object_component>
      <object_component id="oc-27f">
         <name>.text:__aeabi_cdcmple</name>
         <load_address>0x2ed4</load_address>
         <run_address>0x2ed4</run_address>
         <size>0x86</size>
         <input_file_ref idref="fl-d8"/>
      </object_component>
      <object_component id="oc-2ec">
         <name>.text:__aeabi_cdrcmple</name>
         <load_address>0x2f5a</load_address>
         <run_address>0x2f5a</run_address>
         <size>0x86</size>
         <input_file_ref idref="fl-d8"/>
      </object_component>
      <object_component id="oc-96">
         <name>.text</name>
         <load_address>0x2fe0</load_address>
         <run_address>0x2fe0</run_address>
         <size>0x7a</size>
         <input_file_ref idref="fl-ef"/>
      </object_component>
      <object_component id="oc-344">
         <name>.text:split</name>
         <load_address>0x305c</load_address>
         <run_address>0x305c</run_address>
         <size>0x70</size>
         <input_file_ref idref="fl-e3"/>
      </object_component>
      <object_component id="oc-302">
         <name>.text:_mcpy</name>
         <load_address>0x30cc</load_address>
         <run_address>0x30cc</run_address>
         <size>0x6e</size>
         <input_file_ref idref="fl-ee"/>
      </object_component>
      <object_component id="oc-1ad">
         <name>.text</name>
         <load_address>0x313a</load_address>
         <run_address>0x313a</run_address>
         <size>0x6e</size>
         <input_file_ref idref="fl-dc"/>
      </object_component>
      <object_component id="oc-15">
         <name>.text:decompress:lzss:__TI_decompress_lzss</name>
         <load_address>0x31a8</load_address>
         <run_address>0x31a8</run_address>
         <size>0x68</size>
         <input_file_ref idref="fl-e2"/>
      </object_component>
      <object_component id="oc-317">
         <name>.text:frexp</name>
         <load_address>0x3210</load_address>
         <run_address>0x3210</run_address>
         <size>0x64</size>
         <input_file_ref idref="fl-fe"/>
      </object_component>
      <object_component id="oc-28a">
         <name>.text:_pconv_f</name>
         <load_address>0x3274</load_address>
         <run_address>0x3274</run_address>
         <size>0x56</size>
         <input_file_ref idref="fl-ee"/>
      </object_component>
      <object_component id="oc-2f6">
         <name>.text:__TI_ltoa</name>
         <load_address>0x32ca</load_address>
         <run_address>0x32ca</run_address>
         <size>0x54</size>
         <input_file_ref idref="fl-f6"/>
      </object_component>
      <object_component id="oc-2fc">
         <name>.text:_ecpy</name>
         <load_address>0x331e</load_address>
         <run_address>0x331e</run_address>
         <size>0x52</size>
         <input_file_ref idref="fl-ee"/>
      </object_component>
      <object_component id="oc-273">
         <name>.text:atoi</name>
         <load_address>0x3370</load_address>
         <run_address>0x3370</run_address>
         <size>0x4c</size>
         <input_file_ref idref="fl-f8"/>
      </object_component>
      <object_component id="oc-2f1">
         <name>.text</name>
         <load_address>0x33bc</load_address>
         <run_address>0x33bc</run_address>
         <size>0x48</size>
         <input_file_ref idref="fl-db"/>
      </object_component>
      <object_component id="oc-102">
         <name>.text:__TI_auto_init_nobinit_nopinit:__TI_auto_init_nobinit_nopinit</name>
         <load_address>0x3404</load_address>
         <run_address>0x3404</run_address>
         <size>0x44</size>
         <input_file_ref idref="fl-f1"/>
      </object_component>
      <object_component id="oc-a2">
         <name>.text</name>
         <load_address>0x3448</load_address>
         <run_address>0x3448</run_address>
         <size>0x44</size>
         <input_file_ref idref="fl-b"/>
      </object_component>
      <object_component id="oc-15e">
         <name>.text:vsnprintf</name>
         <load_address>0x348c</load_address>
         <run_address>0x348c</run_address>
         <size>0x40</size>
         <input_file_ref idref="fl-d6"/>
      </object_component>
      <object_component id="oc-30f">
         <name>.text:_fcpy</name>
         <load_address>0x34cc</load_address>
         <run_address>0x34cc</run_address>
         <size>0x3e</size>
         <input_file_ref idref="fl-ee"/>
      </object_component>
      <object_component id="oc-17a">
         <name>.text:calloc</name>
         <load_address>0x350c</load_address>
         <run_address>0x350c</run_address>
         <size>0x38</size>
         <input_file_ref idref="fl-e3"/>
      </object_component>
      <object_component id="oc-1b2">
         <name>.text</name>
         <load_address>0x3544</load_address>
         <run_address>0x3544</run_address>
         <size>0x38</size>
         <input_file_ref idref="fl-dd"/>
      </object_component>
      <object_component id="oc-14a">
         <name>.text:IntRegister</name>
         <load_address>0x357c</load_address>
         <run_address>0x357c</run_address>
         <size>0x34</size>
         <input_file_ref idref="fl-100"/>
      </object_component>
      <object_component id="oc-5c">
         <name>.text:_c_int00_noargs:_c_int00_noargs</name>
         <load_address>0x35b0</load_address>
         <run_address>0x35b0</run_address>
         <size>0x34</size>
         <input_file_ref idref="fl-e7"/>
      </object_component>
      <object_component id="oc-1f7">
         <name>.text:_outs</name>
         <load_address>0x35e4</load_address>
         <run_address>0x35e4</run_address>
         <size>0x30</size>
         <input_file_ref idref="fl-d6"/>
      </object_component>
      <object_component id="oc-1a0">
         <name>.text</name>
         <load_address>0x3614</load_address>
         <run_address>0x3614</run_address>
         <size>0x2e</size>
         <input_file_ref idref="fl-de"/>
      </object_component>
      <object_component id="oc-222">
         <name>.text:free_list_insert</name>
         <load_address>0x3644</load_address>
         <run_address>0x3644</run_address>
         <size>0x28</size>
         <input_file_ref idref="fl-e3"/>
      </object_component>
      <object_component id="oc-4a">
         <name>.text:decompress:ZI:__TI_zero_init_nomemset:__TI_zero_init_nomemset</name>
         <load_address>0x366c</load_address>
         <run_address>0x366c</run_address>
         <size>0x1c</size>
         <input_file_ref idref="fl-e0"/>
      </object_component>
      <object_component id="oc-21c">
         <name>.text:free_list_remove</name>
         <load_address>0x3688</load_address>
         <run_address>0x3688</run_address>
         <size>0x1c</size>
         <input_file_ref idref="fl-e3"/>
      </object_component>
      <object_component id="oc-29c">
         <name>.text:memccpy</name>
         <load_address>0x36a4</load_address>
         <run_address>0x36a4</run_address>
         <size>0x1c</size>
         <input_file_ref idref="fl-fa"/>
      </object_component>
      <object_component id="oc-369">
         <name>.text:copysign</name>
         <load_address>0x36c0</load_address>
         <run_address>0x36c0</run_address>
         <size>0x1a</size>
         <input_file_ref idref="fl-e9"/>
      </object_component>
      <object_component id="oc-1fd">
         <name>.text:_outc</name>
         <load_address>0x36da</load_address>
         <run_address>0x36da</run_address>
         <size>0x18</size>
         <input_file_ref idref="fl-d6"/>
      </object_component>
      <object_component id="oc-186">
         <name>.text:oi_parseInt</name>
         <load_address>0x36f2</load_address>
         <run_address>0x36f2</run_address>
         <size>0x18</size>
         <input_file_ref idref="fl-e"/>
      </object_component>
      <object_component id="oc-164">
         <name>.text:strcmp</name>
         <load_address>0x370a</load_address>
         <run_address>0x370a</run_address>
         <size>0x18</size>
         <input_file_ref idref="fl-e4"/>
      </object_component>
      <object_component id="oc-323">
         <name>.text:strchr</name>
         <load_address>0x3722</load_address>
         <run_address>0x3722</run_address>
         <size>0x16</size>
         <input_file_ref idref="fl-fb"/>
      </object_component>
      <object_component id="oc-16a">
         <name>.text:strcpy</name>
         <load_address>0x3738</load_address>
         <run_address>0x3738</run_address>
         <size>0x14</size>
         <input_file_ref idref="fl-e5"/>
      </object_component>
      <object_component id="oc-26d">
         <name>.text:strlen</name>
         <load_address>0x374c</load_address>
         <run_address>0x374c</run_address>
         <size>0x14</size>
         <input_file_ref idref="fl-fc"/>
      </object_component>
      <object_component id="oc-2a2">
         <name>.text:wcslen</name>
         <load_address>0x3760</load_address>
         <run_address>0x3760</run_address>
         <size>0x12</size>
         <input_file_ref idref="fl-fd"/>
      </object_component>
      <object_component id="oc-18d">
         <name>.text:IntMasterEnable</name>
         <load_address>0x3772</load_address>
         <run_address>0x3772</run_address>
         <size>0x10</size>
         <input_file_ref idref="fl-100"/>
      </object_component>
      <object_component id="oc-157">
         <name>.text:lcd_clear</name>
         <load_address>0x3782</load_address>
         <run_address>0x3782</run_address>
         <size>0x10</size>
         <input_file_ref idref="fl-a"/>
      </object_component>
      <object_component id="oc-1b">
         <name>.text:decompress:none:__TI_decompress_none</name>
         <load_address>0x3792</load_address>
         <run_address>0x3792</run_address>
         <size>0xe</size>
         <input_file_ref idref="fl-e1"/>
      </object_component>
      <object_component id="oc-229">
         <name>.text:CPUcpsie</name>
         <load_address>0x37a0</load_address>
         <run_address>0x37a0</run_address>
         <size>0xc</size>
         <input_file_ref idref="fl-101"/>
      </object_component>
      <object_component id="oc-2a">
         <name>.text</name>
         <load_address>0x37ac</load_address>
         <run_address>0x37ac</run_address>
         <size>0xc</size>
         <input_file_ref idref="fl-10"/>
      </object_component>
      <object_component id="oc-2a8">
         <name>.text:__aeabi_errno_addr</name>
         <load_address>0x37b8</load_address>
         <run_address>0x37b8</run_address>
         <size>0x8</size>
         <input_file_ref idref="fl-e8"/>
      </object_component>
      <object_component id="oc-215">
         <name>.text:malloc</name>
         <load_address>0x37c0</load_address>
         <run_address>0x37c0</run_address>
         <size>0x8</size>
         <input_file_ref idref="fl-e3"/>
      </object_component>
      <object_component id="oc-9c">
         <name>.text:_system_pre_init</name>
         <load_address>0x37c8</load_address>
         <run_address>0x37c8</run_address>
         <size>0x4</size>
         <input_file_ref idref="fl-f2"/>
      </object_component>
      <object_component id="oc-f6">
         <name>.text:abort:abort</name>
         <load_address>0x37cc</load_address>
         <run_address>0x37cc</run_address>
         <size>0x4</size>
         <input_file_ref idref="fl-f4"/>
      </object_component>
      <object_component id="oc-2e0">
         <name>.const:.string:_ctypes_</name>
         <load_address>0x37d0</load_address>
         <run_address>0x37d0</run_address>
         <size>0x101</size>
         <input_file_ref idref="fl-f9"/>
      </object_component>
      <object_component id="oc-1aa">
         <name>.const:.string:$P$T0$3</name>
         <load_address>0x38d1</load_address>
         <run_address>0x38d1</run_address>
         <size>0xf</size>
         <input_file_ref idref="fl-e"/>
      </object_component>
      <object_component id="oc-170">
         <name>.const:.string:lineAddress$1</name>
         <load_address>0x38e0</load_address>
         <run_address>0x38e0</run_address>
         <size>0x4</size>
         <input_file_ref idref="fl-a"/>
      </object_component>
      <object_component id="oc-171">
         <name>.const:.string:lineAddresses$2</name>
         <load_address>0x38e4</load_address>
         <run_address>0x38e4</run_address>
         <size>0x4</size>
         <input_file_ref idref="fl-a"/>
      </object_component>
      <object_component id="oc-3c3">
         <name>.cinit..data.load</name>
         <load_address>0x38e8</load_address>
         <run_address>0x38e8</run_address>
         <size>0x18</size>
      </object_component>
      <object_component id="oc-3c0">
         <name>__TI_handler_table</name>
         <load_address>0x3900</load_address>
         <run_address>0x3900</run_address>
         <size>0xc</size>
      </object_component>
      <object_component id="oc-3c4">
         <name>.cinit..bss.load</name>
         <load_address>0x3910</load_address>
         <run_address>0x3910</run_address>
         <size>0x8</size>
      </object_component>
      <object_component id="oc-3c2">
         <name>.cinit..vtable.load</name>
         <load_address>0x3918</load_address>
         <run_address>0x3918</run_address>
         <size>0x8</size>
      </object_component>
      <object_component id="oc-3c1">
         <name>__TI_cinit_table</name>
         <load_address>0x3920</load_address>
         <run_address>0x3920</run_address>
         <size>0x18</size>
      </object_component>
      <object_component id="oc-1e3">
         <name>.vtable</name>
         <uninitialized>true</uninitialized>
         <run_address>0x20000000</run_address>
         <size>0x26c</size>
         <input_file_ref idref="fl-100"/>
      </object_component>
      <object_component id="oc-150">
         <name>.data</name>
         <load_address>0x20002b14</load_address>
         <run_address>0x20002b14</run_address>
         <size>0x1</size>
         <input_file_ref idref="fl-4"/>
      </object_component>
      <object_component id="oc-193">
         <name>.data</name>
         <load_address>0x20002ae0</load_address>
         <run_address>0x20002ae0</run_address>
         <size>0x20</size>
         <input_file_ref idref="fl-e"/>
      </object_component>
      <object_component id="oc-2c9">
         <name>.data:$O1$$</name>
         <load_address>0x20002b08</load_address>
         <run_address>0x20002b08</run_address>
         <size>0x8</size>
         <input_file_ref idref="fl-e3"/>
      </object_component>
      <object_component id="oc-333">
         <name>.data</name>
         <load_address>0x20002b10</load_address>
         <run_address>0x20002b10</run_address>
         <size>0x4</size>
         <input_file_ref idref="fl-e8"/>
      </object_component>
      <object_component id="oc-1c7">
         <name>.data:$O1$$</name>
         <load_address>0x20002b00</load_address>
         <run_address>0x20002b00</run_address>
         <size>0x8</size>
         <input_file_ref idref="fl-f5"/>
      </object_component>
      <object_component id="oc-172">
         <name>.bss:lastbuffer$3</name>
         <uninitialized>true</uninitialized>
         <run_address>0x20002a70</run_address>
         <size>0x54</size>
         <input_file_ref idref="fl-a"/>
      </object_component>
      <object_component id="oc-1b7">
         <name>.bss:firmware$2</name>
         <uninitialized>true</uninitialized>
         <run_address>0x20002ac4</run_address>
         <size>0x18</size>
         <input_file_ref idref="fl-e"/>
      </object_component>
      <object_component id="oc-153">
         <name>.common:_timeout_ticks</name>
         <uninitialized>true</uninitialized>
         <run_address>0x20002adc</run_address>
         <size>0x4</size>
      </object_component>
      <object_component id="oc-24">
         <name>.sysmem</name>
         <uninitialized>true</uninitialized>
         <run_address>0x20002270</run_address>
         <size>0x10</size>
         <input_file_ref idref="fl-e3"/>
      </object_component>
      <object_component id="oc-3c7">
         <name>.sysmem</name>
         <uninitialized>true</uninitialized>
         <run_address>0x20002270</run_address>
         <size>0x0</size>
      </object_component>
      <object_component id="oc-27">
         <name>.stack</name>
         <uninitialized>true</uninitialized>
         <run_address>0x20000270</run_address>
         <size>0x4</size>
         <input_file_ref idref="fl-e7"/>
      </object_component>
      <object_component id="oc-3c6">
         <name>.stack</name>
         <uninitialized>true</uninitialized>
         <run_address>0x20000270</run_address>
         <size>0x0</size>
      </object_component>
      <object_component id="oc-ca">
         <name>.debug_info</name>
         <load_address>0x0</load_address>
         <run_address>0x0</run_address>
         <size>0x53f</size>
         <input_file_ref idref="fl-2"/>
      </object_component>
      <object_component id="oc-136">
         <name>.debug_info</name>
         <load_address>0x53f</load_address>
         <run_address>0x53f</run_address>
         <size>0x16e</size>
         <input_file_ref idref="fl-2"/>
      </object_component>
      <object_component id="oc-13b">
         <name>.debug_info</name>
         <load_address>0x6ad</load_address>
         <run_address>0x6ad</run_address>
         <size>0xbe</size>
         <input_file_ref idref="fl-2"/>
      </object_component>
      <object_component id="oc-77">
         <name>.debug_info</name>
         <load_address>0x76b</load_address>
         <run_address>0x76b</run_address>
         <size>0x26b</size>
         <input_file_ref idref="fl-2"/>
      </object_component>
      <object_component id="oc-1be">
         <name>.debug_info</name>
         <load_address>0x9d6</load_address>
         <run_address>0x9d6</run_address>
         <size>0x5aa</size>
         <input_file_ref idref="fl-2"/>
      </object_component>
      <object_component id="oc-c5">
         <name>.debug_info</name>
         <load_address>0xf80</load_address>
         <run_address>0xf80</run_address>
         <size>0x8b</size>
         <input_file_ref idref="fl-2"/>
      </object_component>
      <object_component id="oc-c0">
         <name>.debug_info</name>
         <load_address>0x100b</load_address>
         <run_address>0x100b</run_address>
         <size>0x2a4</size>
         <input_file_ref idref="fl-2"/>
      </object_component>
      <object_component id="oc-7c">
         <name>.debug_info</name>
         <load_address>0x12af</load_address>
         <run_address>0x12af</run_address>
         <size>0xbb</size>
         <input_file_ref idref="fl-2"/>
      </object_component>
      <object_component id="oc-145">
         <name>.debug_info</name>
         <load_address>0x136a</load_address>
         <run_address>0x136a</run_address>
         <size>0xcc</size>
         <input_file_ref idref="fl-2"/>
      </object_component>
      <object_component id="oc-175">
         <name>.debug_info</name>
         <load_address>0x1436</load_address>
         <run_address>0x1436</run_address>
         <size>0x2c</size>
         <input_file_ref idref="fl-2"/>
      </object_component>
      <object_component id="oc-140">
         <name>.debug_info</name>
         <load_address>0x1462</load_address>
         <run_address>0x1462</run_address>
         <size>0x35</size>
         <input_file_ref idref="fl-2"/>
      </object_component>
      <object_component id="oc-39">
         <name>.debug_info</name>
         <load_address>0x1497</load_address>
         <run_address>0x1497</run_address>
         <size>0x84</size>
         <input_file_ref idref="fl-3"/>
      </object_component>
      <object_component id="oc-154">
         <name>.debug_info</name>
         <load_address>0x151b</load_address>
         <run_address>0x151b</run_address>
         <size>0x2d9</size>
         <input_file_ref idref="fl-4"/>
      </object_component>
      <object_component id="oc-151">
         <name>.debug_info</name>
         <load_address>0x17f4</load_address>
         <run_address>0x17f4</run_address>
         <size>0xe7</size>
         <input_file_ref idref="fl-4"/>
      </object_component>
      <object_component id="oc-dd">
         <name>.debug_info</name>
         <load_address>0x18db</load_address>
         <run_address>0x18db</run_address>
         <size>0x52f</size>
         <input_file_ref idref="fl-4"/>
      </object_component>
      <object_component id="oc-1bb">
         <name>.debug_info</name>
         <load_address>0x1e0a</load_address>
         <run_address>0x1e0a</run_address>
         <size>0x2b2</size>
         <input_file_ref idref="fl-8"/>
      </object_component>
      <object_component id="oc-f0">
         <name>.debug_info</name>
         <load_address>0x20bc</load_address>
         <run_address>0x20bc</run_address>
         <size>0x49e</size>
         <input_file_ref idref="fl-8"/>
      </object_component>
      <object_component id="oc-174">
         <name>.debug_info</name>
         <load_address>0x255a</load_address>
         <run_address>0x255a</run_address>
         <size>0x3a7</size>
         <input_file_ref idref="fl-a"/>
      </object_component>
      <object_component id="oc-158">
         <name>.debug_info</name>
         <load_address>0x2901</load_address>
         <run_address>0x2901</run_address>
         <size>0x13c</size>
         <input_file_ref idref="fl-a"/>
      </object_component>
      <object_component id="oc-e4">
         <name>.debug_info</name>
         <load_address>0x2a3d</load_address>
         <run_address>0x2a3d</run_address>
         <size>0x8c8</size>
         <input_file_ref idref="fl-a"/>
      </object_component>
      <object_component id="oc-f5">
         <name>.debug_info</name>
         <load_address>0x3305</load_address>
         <run_address>0x3305</run_address>
         <size>0x3dd</size>
         <input_file_ref idref="fl-b"/>
      </object_component>
      <object_component id="oc-a3">
         <name>.debug_info</name>
         <load_address>0x36e2</load_address>
         <run_address>0x36e2</run_address>
         <size>0x1b7</size>
         <input_file_ref idref="fl-b"/>
      </object_component>
      <object_component id="oc-1b9">
         <name>.debug_info</name>
         <load_address>0x3899</load_address>
         <run_address>0x3899</run_address>
         <size>0x424</size>
         <input_file_ref idref="fl-e"/>
      </object_component>
      <object_component id="oc-194">
         <name>.debug_info</name>
         <load_address>0x3cbd</load_address>
         <run_address>0x3cbd</run_address>
         <size>0x139</size>
         <input_file_ref idref="fl-e"/>
      </object_component>
      <object_component id="oc-1ab">
         <name>.debug_info</name>
         <load_address>0x3df6</load_address>
         <run_address>0x3df6</run_address>
         <size>0xee</size>
         <input_file_ref idref="fl-e"/>
      </object_component>
      <object_component id="oc-187">
         <name>.debug_info</name>
         <load_address>0x3ee4</load_address>
         <run_address>0x3ee4</run_address>
         <size>0x166</size>
         <input_file_ref idref="fl-e"/>
      </object_component>
      <object_component id="oc-e9">
         <name>.debug_info</name>
         <load_address>0x404a</load_address>
         <run_address>0x404a</run_address>
         <size>0x19b0</size>
         <input_file_ref idref="fl-e"/>
      </object_component>
      <object_component id="oc-32">
         <name>.debug_info</name>
         <load_address>0x59fa</load_address>
         <run_address>0x59fa</run_address>
         <size>0x2c3</size>
         <input_file_ref idref="fl-10"/>
      </object_component>
      <object_component id="oc-13">
         <name>.debug_info</name>
         <load_address>0x5cbd</load_address>
         <run_address>0x5cbd</run_address>
         <size>0x102</size>
         <input_file_ref idref="fl-10"/>
      </object_component>
      <object_component id="oc-2c">
         <name>.debug_info</name>
         <load_address>0x5dbf</load_address>
         <run_address>0x5dbf</run_address>
         <size>0x27e</size>
         <input_file_ref idref="fl-10"/>
      </object_component>
      <object_component id="oc-370">
         <name>.debug_info</name>
         <load_address>0x603d</load_address>
         <run_address>0x603d</run_address>
         <size>0x2f8</size>
         <input_file_ref idref="fl-d2"/>
      </object_component>
      <object_component id="oc-320">
         <name>.debug_info</name>
         <load_address>0x6335</load_address>
         <run_address>0x6335</run_address>
         <size>0x225</size>
         <input_file_ref idref="fl-d2"/>
      </object_component>
      <object_component id="oc-38d">
         <name>.debug_info</name>
         <load_address>0x655a</load_address>
         <run_address>0x655a</run_address>
         <size>0x39</size>
         <input_file_ref idref="fl-d2"/>
      </object_component>
      <object_component id="oc-364">
         <name>.debug_info</name>
         <load_address>0x6593</load_address>
         <run_address>0x6593</run_address>
         <size>0x2c</size>
         <input_file_ref idref="fl-d2"/>
      </object_component>
      <object_component id="oc-205">
         <name>.debug_info</name>
         <load_address>0x65bf</load_address>
         <run_address>0x65bf</run_address>
         <size>0x2c</size>
         <input_file_ref idref="fl-d5"/>
      </object_component>
      <object_component id="oc-204">
         <name>.debug_info</name>
         <load_address>0x65eb</load_address>
         <run_address>0x65eb</run_address>
         <size>0x340</size>
         <input_file_ref idref="fl-d6"/>
      </object_component>
      <object_component id="oc-160">
         <name>.debug_info</name>
         <load_address>0x692b</load_address>
         <run_address>0x692b</run_address>
         <size>0x208</size>
         <input_file_ref idref="fl-d6"/>
      </object_component>
      <object_component id="oc-1f8">
         <name>.debug_info</name>
         <load_address>0x6b33</load_address>
         <run_address>0x6b33</run_address>
         <size>0x1c6</size>
         <input_file_ref idref="fl-d6"/>
      </object_component>
      <object_component id="oc-1fe">
         <name>.debug_info</name>
         <load_address>0x6cf9</load_address>
         <run_address>0x6cf9</run_address>
         <size>0x179</size>
         <input_file_ref idref="fl-d6"/>
      </object_component>
      <object_component id="oc-20a">
         <name>.debug_info</name>
         <load_address>0x6e72</load_address>
         <run_address>0x6e72</run_address>
         <size>0x69</size>
         <input_file_ref idref="fl-d6"/>
      </object_component>
      <object_component id="oc-1a6">
         <name>.debug_info</name>
         <load_address>0x6edb</load_address>
         <run_address>0x6edb</run_address>
         <size>0x14c</size>
         <input_file_ref idref="fl-d7"/>
      </object_component>
      <object_component id="oc-282">
         <name>.debug_info</name>
         <load_address>0x7027</load_address>
         <run_address>0x7027</run_address>
         <size>0x128</size>
         <input_file_ref idref="fl-d8"/>
      </object_component>
      <object_component id="oc-2ee">
         <name>.debug_info</name>
         <load_address>0x714f</load_address>
         <run_address>0x714f</run_address>
         <size>0x12a</size>
         <input_file_ref idref="fl-d8"/>
      </object_component>
      <object_component id="oc-19c">
         <name>.debug_info</name>
         <load_address>0x7279</load_address>
         <run_address>0x7279</run_address>
         <size>0x13a</size>
         <input_file_ref idref="fl-d9"/>
      </object_component>
      <object_component id="oc-199">
         <name>.debug_info</name>
         <load_address>0x73b3</load_address>
         <run_address>0x73b3</run_address>
         <size>0x13a</size>
         <input_file_ref idref="fl-da"/>
      </object_component>
      <object_component id="oc-2f4">
         <name>.debug_info</name>
         <load_address>0x74ed</load_address>
         <run_address>0x74ed</run_address>
         <size>0x12e</size>
         <input_file_ref idref="fl-db"/>
      </object_component>
      <object_component id="oc-1ae">
         <name>.debug_info</name>
         <load_address>0x761b</load_address>
         <run_address>0x761b</run_address>
         <size>0x13e</size>
         <input_file_ref idref="fl-dc"/>
      </object_component>
      <object_component id="oc-1b4">
         <name>.debug_info</name>
         <load_address>0x7759</load_address>
         <run_address>0x7759</run_address>
         <size>0x12c</size>
         <input_file_ref idref="fl-dd"/>
      </object_component>
      <object_component id="oc-1a1">
         <name>.debug_info</name>
         <load_address>0x7885</load_address>
         <run_address>0x7885</run_address>
         <size>0x12c</size>
         <input_file_ref idref="fl-de"/>
      </object_component>
      <object_component id="oc-3f">
         <name>.debug_info</name>
         <load_address>0x79b1</load_address>
         <run_address>0x79b1</run_address>
         <size>0x119</size>
         <input_file_ref idref="fl-df"/>
      </object_component>
      <object_component id="oc-95">
         <name>.debug_info</name>
         <load_address>0x7aca</load_address>
         <run_address>0x7aca</run_address>
         <size>0x2d4</size>
         <input_file_ref idref="fl-e0"/>
      </object_component>
      <object_component id="oc-4b">
         <name>.debug_info</name>
         <load_address>0x7d9e</load_address>
         <run_address>0x7d9e</run_address>
         <size>0x1d2</size>
         <input_file_ref idref="fl-e0"/>
      </object_component>
      <object_component id="oc-90">
         <name>.debug_info</name>
         <load_address>0x7f70</load_address>
         <run_address>0x7f70</run_address>
         <size>0x46</size>
         <input_file_ref idref="fl-e0"/>
      </object_component>
      <object_component id="oc-d3">
         <name>.debug_info</name>
         <load_address>0x7fb6</load_address>
         <run_address>0x7fb6</run_address>
         <size>0x2c</size>
         <input_file_ref idref="fl-e0"/>
      </object_component>
      <object_component id="oc-49">
         <name>.debug_info</name>
         <load_address>0x7fe2</load_address>
         <run_address>0x7fe2</run_address>
         <size>0x2a8</size>
         <input_file_ref idref="fl-e1"/>
      </object_component>
      <object_component id="oc-1d">
         <name>.debug_info</name>
         <load_address>0x828a</load_address>
         <run_address>0x828a</run_address>
         <size>0x1ea</size>
         <input_file_ref idref="fl-e1"/>
      </object_component>
      <object_component id="oc-44">
         <name>.debug_info</name>
         <load_address>0x8474</load_address>
         <run_address>0x8474</run_address>
         <size>0x46</size>
         <input_file_ref idref="fl-e1"/>
      </object_component>
      <object_component id="oc-88">
         <name>.debug_info</name>
         <load_address>0x84ba</load_address>
         <run_address>0x84ba</run_address>
         <size>0x2c</size>
         <input_file_ref idref="fl-e1"/>
      </object_component>
      <object_component id="oc-86">
         <name>.debug_info</name>
         <load_address>0x84e6</load_address>
         <run_address>0x84e6</run_address>
         <size>0x29e</size>
         <input_file_ref idref="fl-e2"/>
      </object_component>
      <object_component id="oc-18">
         <name>.debug_info</name>
         <load_address>0x8784</load_address>
         <run_address>0x8784</run_address>
         <size>0x250</size>
         <input_file_ref idref="fl-e2"/>
      </object_component>
      <object_component id="oc-34">
         <name>.debug_info</name>
         <load_address>0x89d4</load_address>
         <run_address>0x89d4</run_address>
         <size>0x60</size>
         <input_file_ref idref="fl-e2"/>
      </object_component>
      <object_component id="oc-cc">
         <name>.debug_info</name>
         <load_address>0x8a34</load_address>
         <run_address>0x8a34</run_address>
         <size>0x46</size>
         <input_file_ref idref="fl-e2"/>
      </object_component>
      <object_component id="oc-81">
         <name>.debug_info</name>
         <load_address>0x8a7a</load_address>
         <run_address>0x8a7a</run_address>
         <size>0x39</size>
         <input_file_ref idref="fl-e2"/>
      </object_component>
      <object_component id="oc-70">
         <name>.debug_info</name>
         <load_address>0x8ab3</load_address>
         <run_address>0x8ab3</run_address>
         <size>0x3b2</size>
         <input_file_ref idref="fl-e3"/>
      </object_component>
      <object_component id="oc-25">
         <name>.debug_info</name>
         <load_address>0x8e65</load_address>
         <run_address>0x8e65</run_address>
         <size>0x10c</size>
         <input_file_ref idref="fl-e3"/>
      </object_component>
      <object_component id="oc-2ca">
         <name>.debug_info</name>
         <load_address>0x8f71</load_address>
         <run_address>0x8f71</run_address>
         <size>0x13f</size>
         <input_file_ref idref="fl-e3"/>
      </object_component>
      <object_component id="oc-218">
         <name>.debug_info</name>
         <load_address>0x90b0</load_address>
         <run_address>0x90b0</run_address>
         <size>0x168</size>
         <input_file_ref idref="fl-e3"/>
      </object_component>
      <object_component id="oc-21e">
         <name>.debug_info</name>
         <load_address>0x9218</load_address>
         <run_address>0x9218</run_address>
         <size>0x18e</size>
         <input_file_ref idref="fl-e3"/>
      </object_component>
      <object_component id="oc-223">
         <name>.debug_info</name>
         <load_address>0x93a6</load_address>
         <run_address>0x93a6</run_address>
         <size>0x19f</size>
         <input_file_ref idref="fl-e3"/>
      </object_component>
      <object_component id="oc-182">
         <name>.debug_info</name>
         <load_address>0x9545</load_address>
         <run_address>0x9545</run_address>
         <size>0x203</size>
         <input_file_ref idref="fl-e3"/>
      </object_component>
      <object_component id="oc-345">
         <name>.debug_info</name>
         <load_address>0x9748</load_address>
         <run_address>0x9748</run_address>
         <size>0x1db</size>
         <input_file_ref idref="fl-e3"/>
      </object_component>
      <object_component id="oc-17b">
         <name>.debug_info</name>
         <load_address>0x9923</load_address>
         <run_address>0x9923</run_address>
         <size>0x1a5</size>
         <input_file_ref idref="fl-e3"/>
      </object_component>
      <object_component id="oc-2c4">
         <name>.debug_info</name>
         <load_address>0x9ac8</load_address>
         <run_address>0x9ac8</run_address>
         <size>0x299</size>
         <input_file_ref idref="fl-e3"/>
      </object_component>
      <object_component id="oc-bb">
         <name>.debug_info</name>
         <load_address>0x9d61</load_address>
         <run_address>0x9d61</run_address>
         <size>0xb2</size>
         <input_file_ref idref="fl-e3"/>
      </object_component>
      <object_component id="oc-b6">
         <name>.debug_info</name>
         <load_address>0x9e13</load_address>
         <run_address>0x9e13</run_address>
         <size>0x2c</size>
         <input_file_ref idref="fl-e3"/>
      </object_component>
      <object_component id="oc-210">
         <name>.debug_info</name>
         <load_address>0x9e3f</load_address>
         <run_address>0x9e3f</run_address>
         <size>0x28a</size>
         <input_file_ref idref="fl-e4"/>
      </object_component>
      <object_component id="oc-165">
         <name>.debug_info</name>
         <load_address>0xa0c9</load_address>
         <run_address>0xa0c9</run_address>
         <size>0x273</size>
         <input_file_ref idref="fl-e4"/>
      </object_component>
      <object_component id="oc-212">
         <name>.debug_info</name>
         <load_address>0xa33c</load_address>
         <run_address>0xa33c</run_address>
         <size>0x2a4</size>
         <input_file_ref idref="fl-e5"/>
      </object_component>
      <object_component id="oc-16b">
         <name>.debug_info</name>
         <load_address>0xa5e0</load_address>
         <run_address>0xa5e0</run_address>
         <size>0x24d</size>
         <input_file_ref idref="fl-e5"/>
      </object_component>
      <object_component id="oc-28">
         <name>.debug_info</name>
         <load_address>0xa82d</load_address>
         <run_address>0xa82d</run_address>
         <size>0x10b</size>
         <input_file_ref idref="fl-e7"/>
      </object_component>
      <object_component id="oc-5e">
         <name>.debug_info</name>
         <load_address>0xa938</load_address>
         <run_address>0xa938</run_address>
         <size>0x1a9</size>
         <input_file_ref idref="fl-e7"/>
      </object_component>
      <object_component id="oc-337">
         <name>.debug_info</name>
         <load_address>0xaae1</load_address>
         <run_address>0xaae1</run_address>
         <size>0x289</size>
         <input_file_ref idref="fl-e8"/>
      </object_component>
      <object_component id="oc-334">
         <name>.debug_info</name>
         <load_address>0xad6a</load_address>
         <run_address>0xad6a</run_address>
         <size>0x10e</size>
         <input_file_ref idref="fl-e8"/>
      </object_component>
      <object_component id="oc-2aa">
         <name>.debug_info</name>
         <load_address>0xae78</load_address>
         <run_address>0xae78</run_address>
         <size>0x14e</size>
         <input_file_ref idref="fl-e8"/>
      </object_component>
      <object_component id="oc-36a">
         <name>.debug_info</name>
         <load_address>0xafc6</load_address>
         <run_address>0xafc6</run_address>
         <size>0x161</size>
         <input_file_ref idref="fl-e9"/>
      </object_component>
      <object_component id="oc-2af">
         <name>.debug_info</name>
         <load_address>0xb127</load_address>
         <run_address>0xb127</run_address>
         <size>0x590</size>
         <input_file_ref idref="fl-ee"/>
      </object_component>
      <object_component id="oc-27d">
         <name>.debug_info</name>
         <load_address>0xb6b7</load_address>
         <run_address>0xb6b7</run_address>
         <size>0x21e</size>
         <input_file_ref idref="fl-ee"/>
      </object_component>
      <object_component id="oc-2ff">
         <name>.debug_info</name>
         <load_address>0xb8d5</load_address>
         <run_address>0xb8d5</run_address>
         <size>0x1b3</size>
         <input_file_ref idref="fl-ee"/>
      </object_component>
      <object_component id="oc-306">
         <name>.debug_info</name>
         <load_address>0xba88</load_address>
         <run_address>0xba88</run_address>
         <size>0x21b</size>
         <input_file_ref idref="fl-ee"/>
      </object_component>
      <object_component id="oc-288">
         <name>.debug_info</name>
         <load_address>0xbca3</load_address>
         <run_address>0xbca3</run_address>
         <size>0x3c0</size>
         <input_file_ref idref="fl-ee"/>
      </object_component>
      <object_component id="oc-30d">
         <name>.debug_info</name>
         <load_address>0xc063</load_address>
         <run_address>0xc063</run_address>
         <size>0x30a</size>
         <input_file_ref idref="fl-ee"/>
      </object_component>
      <object_component id="oc-313">
         <name>.debug_info</name>
         <load_address>0xc36d</load_address>
         <run_address>0xc36d</run_address>
         <size>0x215</size>
         <input_file_ref idref="fl-ee"/>
      </object_component>
      <object_component id="oc-28e">
         <name>.debug_info</name>
         <load_address>0xc582</load_address>
         <run_address>0xc582</run_address>
         <size>0x215</size>
         <input_file_ref idref="fl-ee"/>
      </object_component>
      <object_component id="oc-294">
         <name>.debug_info</name>
         <load_address>0xc797</load_address>
         <run_address>0xc797</run_address>
         <size>0x304</size>
         <input_file_ref idref="fl-ee"/>
      </object_component>
      <object_component id="oc-29a">
         <name>.debug_info</name>
         <load_address>0xca9b</load_address>
         <run_address>0xca9b</run_address>
         <size>0x4b5</size>
         <input_file_ref idref="fl-ee"/>
      </object_component>
      <object_component id="oc-1f5">
         <name>.debug_info</name>
         <load_address>0xcf50</load_address>
         <run_address>0xcf50</run_address>
         <size>0x5f4</size>
         <input_file_ref idref="fl-ee"/>
      </object_component>
      <object_component id="oc-2b0">
         <name>.debug_info</name>
         <load_address>0xd544</load_address>
         <run_address>0xd544</run_address>
         <size>0x86</size>
         <input_file_ref idref="fl-ee"/>
      </object_component>
      <object_component id="oc-33a">
         <name>.debug_info</name>
         <load_address>0xd5ca</load_address>
         <run_address>0xd5ca</run_address>
         <size>0x39</size>
         <input_file_ref idref="fl-ee"/>
      </object_component>
      <object_component id="oc-380">
         <name>.debug_info</name>
         <load_address>0xd603</load_address>
         <run_address>0xd603</run_address>
         <size>0xb6</size>
         <input_file_ref idref="fl-ee"/>
      </object_component>
      <object_component id="oc-33f">
         <name>.debug_info</name>
         <load_address>0xd6b9</load_address>
         <run_address>0xd6b9</run_address>
         <size>0x46</size>
         <input_file_ref idref="fl-ee"/>
      </object_component>
      <object_component id="oc-2b5">
         <name>.debug_info</name>
         <load_address>0xd6ff</load_address>
         <run_address>0xd6ff</run_address>
         <size>0x46</size>
         <input_file_ref idref="fl-ee"/>
      </object_component>
      <object_component id="oc-97">
         <name>.debug_info</name>
         <load_address>0xd745</load_address>
         <run_address>0xd745</run_address>
         <size>0x147</size>
         <input_file_ref idref="fl-ef"/>
      </object_component>
      <object_component id="oc-2e8">
         <name>.debug_info</name>
         <load_address>0xd88c</load_address>
         <run_address>0xd88c</run_address>
         <size>0x134</size>
         <input_file_ref idref="fl-f0"/>
      </object_component>
      <object_component id="oc-1ce">
         <name>.debug_info</name>
         <load_address>0xd9c0</load_address>
         <run_address>0xd9c0</run_address>
         <size>0x4b3</size>
         <input_file_ref idref="fl-f1"/>
      </object_component>
      <object_component id="oc-104">
         <name>.debug_info</name>
         <load_address>0xde73</load_address>
         <run_address>0xde73</run_address>
         <size>0x1a6</size>
         <input_file_ref idref="fl-f1"/>
      </object_component>
      <object_component id="oc-24e">
         <name>.debug_info</name>
         <load_address>0xe019</load_address>
         <run_address>0xe019</run_address>
         <size>0x39</size>
         <input_file_ref idref="fl-f1"/>
      </object_component>
      <object_component id="oc-2d2">
         <name>.debug_info</name>
         <load_address>0xe052</load_address>
         <run_address>0xe052</run_address>
         <size>0x39</size>
         <input_file_ref idref="fl-f1"/>
      </object_component>
      <object_component id="oc-253">
         <name>.debug_info</name>
         <load_address>0xe08b</load_address>
         <run_address>0xe08b</run_address>
         <size>0x39</size>
         <input_file_ref idref="fl-f1"/>
      </object_component>
      <object_component id="oc-258">
         <name>.debug_info</name>
         <load_address>0xe0c4</load_address>
         <run_address>0xe0c4</run_address>
         <size>0xcd</size>
         <input_file_ref idref="fl-f1"/>
      </object_component>
      <object_component id="oc-9f">
         <name>.debug_info</name>
         <load_address>0xe191</load_address>
         <run_address>0xe191</run_address>
         <size>0x153</size>
         <input_file_ref idref="fl-f2"/>
      </object_component>
      <object_component id="oc-f7">
         <name>.debug_info</name>
         <load_address>0xe2e4</load_address>
         <run_address>0xe2e4</run_address>
         <size>0x122</size>
         <input_file_ref idref="fl-f4"/>
      </object_component>
      <object_component id="oc-248">
         <name>.debug_info</name>
         <load_address>0xe406</load_address>
         <run_address>0xe406</run_address>
         <size>0x2c9</size>
         <input_file_ref idref="fl-f5"/>
      </object_component>
      <object_component id="oc-1c8">
         <name>.debug_info</name>
         <load_address>0xe6cf</load_address>
         <run_address>0xe6cf</run_address>
         <size>0x11e</size>
         <input_file_ref idref="fl-f5"/>
      </object_component>
      <object_component id="oc-244">
         <name>.debug_info</name>
         <load_address>0xe7ed</load_address>
         <run_address>0xe7ed</run_address>
         <size>0x12e</size>
         <input_file_ref idref="fl-f5"/>
      </object_component>
      <object_component id="oc-35d">
         <name>.debug_info</name>
         <load_address>0xe91b</load_address>
         <run_address>0xe91b</run_address>
         <size>0x29c</size>
         <input_file_ref idref="fl-f6"/>
      </object_component>
      <object_component id="oc-2f7">
         <name>.debug_info</name>
         <load_address>0xebb7</load_address>
         <run_address>0xebb7</run_address>
         <size>0x1da</size>
         <input_file_ref idref="fl-f6"/>
      </object_component>
      <object_component id="oc-2e4">
         <name>.debug_info</name>
         <load_address>0xed91</load_address>
         <run_address>0xed91</run_address>
         <size>0x2b9</size>
         <input_file_ref idref="fl-f8"/>
      </object_component>
      <object_component id="oc-274">
         <name>.debug_info</name>
         <load_address>0xf04a</load_address>
         <run_address>0xf04a</run_address>
         <size>0x17c</size>
         <input_file_ref idref="fl-f8"/>
      </object_component>
      <object_component id="oc-351">
         <name>.debug_info</name>
         <load_address>0xf1c6</load_address>
         <run_address>0xf1c6</run_address>
         <size>0xf9</size>
         <input_file_ref idref="fl-f9"/>
      </object_component>
      <object_component id="oc-2e1">
         <name>.debug_info</name>
         <load_address>0xf2bf</load_address>
         <run_address>0xf2bf</run_address>
         <size>0x105</size>
         <input_file_ref idref="fl-f9"/>
      </object_component>
      <object_component id="oc-32b">
         <name>.debug_info</name>
         <load_address>0xf3c4</load_address>
         <run_address>0xf3c4</run_address>
         <size>0x2a7</size>
         <input_file_ref idref="fl-fa"/>
      </object_component>
      <object_component id="oc-29d">
         <name>.debug_info</name>
         <load_address>0xf66b</load_address>
         <run_address>0xf66b</run_address>
         <size>0x1b8</size>
         <input_file_ref idref="fl-fa"/>
      </object_component>
      <object_component id="oc-372">
         <name>.debug_info</name>
         <load_address>0xf823</load_address>
         <run_address>0xf823</run_address>
         <size>0x29a</size>
         <input_file_ref idref="fl-fb"/>
      </object_component>
      <object_component id="oc-324">
         <name>.debug_info</name>
         <load_address>0xfabd</load_address>
         <run_address>0xfabd</run_address>
         <size>0x262</size>
         <input_file_ref idref="fl-fb"/>
      </object_component>
      <object_component id="oc-2df">
         <name>.debug_info</name>
         <load_address>0xfd1f</load_address>
         <run_address>0xfd1f</run_address>
         <size>0x28f</size>
         <input_file_ref idref="fl-fc"/>
      </object_component>
      <object_component id="oc-26e">
         <name>.debug_info</name>
         <load_address>0xffae</load_address>
         <run_address>0xffae</run_address>
         <size>0x245</size>
         <input_file_ref idref="fl-fc"/>
      </object_component>
      <object_component id="oc-332">
         <name>.debug_info</name>
         <load_address>0x101f3</load_address>
         <run_address>0x101f3</run_address>
         <size>0x28f</size>
         <input_file_ref idref="fl-fd"/>
      </object_component>
      <object_component id="oc-2a3">
         <name>.debug_info</name>
         <load_address>0x10482</load_address>
         <run_address>0x10482</run_address>
         <size>0x15a</size>
         <input_file_ref idref="fl-fd"/>
      </object_component>
      <object_component id="oc-375">
         <name>.debug_info</name>
         <load_address>0x105dc</load_address>
         <run_address>0x105dc</run_address>
         <size>0x46</size>
         <input_file_ref idref="fl-fd"/>
      </object_component>
      <object_component id="oc-32d">
         <name>.debug_info</name>
         <load_address>0x10622</load_address>
         <run_address>0x10622</run_address>
         <size>0x39</size>
         <input_file_ref idref="fl-fd"/>
      </object_component>
      <object_component id="oc-363">
         <name>.debug_info</name>
         <load_address>0x1065b</load_address>
         <run_address>0x1065b</run_address>
         <size>0x295</size>
         <input_file_ref idref="fl-fe"/>
      </object_component>
      <object_component id="oc-319">
         <name>.debug_info</name>
         <load_address>0x108f0</load_address>
         <run_address>0x108f0</run_address>
         <size>0x195</size>
         <input_file_ref idref="fl-fe"/>
      </object_component>
      <object_component id="oc-357">
         <name>.debug_info</name>
         <load_address>0x10a85</load_address>
         <run_address>0x10a85</run_address>
         <size>0x115</size>
         <input_file_ref idref="fl-ff"/>
      </object_component>
      <object_component id="oc-1ec">
         <name>.debug_info</name>
         <load_address>0x10b9a</load_address>
         <run_address>0x10b9a</run_address>
         <size>0x3b7</size>
         <input_file_ref idref="fl-100"/>
      </object_component>
      <object_component id="oc-1e4">
         <name>.debug_info</name>
         <load_address>0x10f51</load_address>
         <run_address>0x10f51</run_address>
         <size>0x160</size>
         <input_file_ref idref="fl-100"/>
      </object_component>
      <object_component id="oc-14c">
         <name>.debug_info</name>
         <load_address>0x110b1</load_address>
         <run_address>0x110b1</run_address>
         <size>0x2ca</size>
         <input_file_ref idref="fl-100"/>
      </object_component>
      <object_component id="oc-18e">
         <name>.debug_info</name>
         <load_address>0x1137b</load_address>
         <run_address>0x1137b</run_address>
         <size>0x247</size>
         <input_file_ref idref="fl-100"/>
      </object_component>
      <object_component id="oc-268">
         <name>.debug_info</name>
         <load_address>0x115c2</load_address>
         <run_address>0x115c2</run_address>
         <size>0x26b</size>
         <input_file_ref idref="fl-100"/>
      </object_component>
      <object_component id="oc-261">
         <name>.debug_info</name>
         <load_address>0x1182d</load_address>
         <run_address>0x1182d</run_address>
         <size>0x297</size>
         <input_file_ref idref="fl-100"/>
      </object_component>
      <object_component id="oc-1e7">
         <name>.debug_info</name>
         <load_address>0x11ac4</load_address>
         <run_address>0x11ac4</run_address>
         <size>0xbb</size>
         <input_file_ref idref="fl-100"/>
      </object_component>
      <object_component id="oc-22a">
         <name>.debug_info</name>
         <load_address>0x11b7f</load_address>
         <run_address>0x11b7f</run_address>
         <size>0x21b</size>
         <input_file_ref idref="fl-101"/>
      </object_component>
      <object_component id="oc-3c8">
         <name>.debug_info</name>
         <load_address>0x11d9a</load_address>
         <run_address>0x11d9a</run_address>
         <size>0xb5</size>
      </object_component>
      <object_component id="oc-135">
         <name>.debug_line</name>
         <load_address>0x0</load_address>
         <run_address>0x0</run_address>
         <size>0x119</size>
         <input_file_ref idref="fl-2"/>
      </object_component>
      <object_component id="oc-139">
         <name>.debug_line</name>
         <load_address>0x119</load_address>
         <run_address>0x119</run_address>
         <size>0x2e</size>
         <input_file_ref idref="fl-2"/>
      </object_component>
      <object_component id="oc-13e">
         <name>.debug_line</name>
         <load_address>0x147</load_address>
         <run_address>0x147</run_address>
         <size>0x37</size>
         <input_file_ref idref="fl-2"/>
      </object_component>
      <object_component id="oc-7a">
         <name>.debug_line</name>
         <load_address>0x17e</load_address>
         <run_address>0x17e</run_address>
         <size>0x6f</size>
         <input_file_ref idref="fl-2"/>
      </object_component>
      <object_component id="oc-1c1">
         <name>.debug_line</name>
         <load_address>0x1ed</load_address>
         <run_address>0x1ed</run_address>
         <size>0x37</size>
         <input_file_ref idref="fl-2"/>
      </object_component>
      <object_component id="oc-c8">
         <name>.debug_line</name>
         <load_address>0x224</load_address>
         <run_address>0x224</run_address>
         <size>0x20</size>
         <input_file_ref idref="fl-2"/>
      </object_component>
      <object_component id="oc-c3">
         <name>.debug_line</name>
         <load_address>0x244</load_address>
         <run_address>0x244</run_address>
         <size>0x73</size>
         <input_file_ref idref="fl-2"/>
      </object_component>
      <object_component id="oc-7f">
         <name>.debug_line</name>
         <load_address>0x2b7</load_address>
         <run_address>0x2b7</run_address>
         <size>0x70</size>
         <input_file_ref idref="fl-2"/>
      </object_component>
      <object_component id="oc-148">
         <name>.debug_line</name>
         <load_address>0x327</load_address>
         <run_address>0x327</run_address>
         <size>0x6a</size>
         <input_file_ref idref="fl-2"/>
      </object_component>
      <object_component id="oc-178">
         <name>.debug_line</name>
         <load_address>0x391</load_address>
         <run_address>0x391</run_address>
         <size>0x6b</size>
         <input_file_ref idref="fl-2"/>
      </object_component>
      <object_component id="oc-143">
         <name>.debug_line</name>
         <load_address>0x3fc</load_address>
         <run_address>0x3fc</run_address>
         <size>0x74</size>
         <input_file_ref idref="fl-2"/>
      </object_component>
      <object_component id="oc-3c">
         <name>.debug_line</name>
         <load_address>0x470</load_address>
         <run_address>0x470</run_address>
         <size>0x20</size>
         <input_file_ref idref="fl-3"/>
      </object_component>
      <object_component id="oc-1f0">
         <name>.debug_line</name>
         <load_address>0x490</load_address>
         <run_address>0x490</run_address>
         <size>0x69</size>
         <input_file_ref idref="fl-4"/>
      </object_component>
      <object_component id="oc-1ee">
         <name>.debug_line</name>
         <load_address>0x4f9</load_address>
         <run_address>0x4f9</run_address>
         <size>0x2e</size>
         <input_file_ref idref="fl-4"/>
      </object_component>
      <object_component id="oc-e1">
         <name>.debug_line</name>
         <load_address>0x527</load_address>
         <run_address>0x527</run_address>
         <size>0x179</size>
         <input_file_ref idref="fl-4"/>
      </object_component>
      <object_component id="oc-23d">
         <name>.debug_line</name>
         <load_address>0x6a0</load_address>
         <run_address>0x6a0</run_address>
         <size>0x20</size>
         <input_file_ref idref="fl-8"/>
      </object_component>
      <object_component id="oc-ef">
         <name>.debug_line</name>
         <load_address>0x6c0</load_address>
         <run_address>0x6c0</run_address>
         <size>0xc7</size>
         <input_file_ref idref="fl-8"/>
      </object_component>
      <object_component id="oc-214">
         <name>.debug_line</name>
         <load_address>0x787</load_address>
         <run_address>0x787</run_address>
         <size>0xc3</size>
         <input_file_ref idref="fl-a"/>
      </object_component>
      <object_component id="oc-15b">
         <name>.debug_line</name>
         <load_address>0x84a</load_address>
         <run_address>0x84a</run_address>
         <size>0x45</size>
         <input_file_ref idref="fl-a"/>
      </object_component>
      <object_component id="oc-e7">
         <name>.debug_line</name>
         <load_address>0x88f</load_address>
         <run_address>0x88f</run_address>
         <size>0x19c</size>
         <input_file_ref idref="fl-a"/>
      </object_component>
      <object_component id="oc-1bd">
         <name>.debug_line</name>
         <load_address>0xa2b</load_address>
[...]
         <name>__c_args__</name>
         <value>0xffffffff</value>
      </symbol>
      <symbol id="sm-e">
         <name>__TI_pprof_out_hndl</name>
         <value>0xffffffff</value>
      </symbol>
      <symbol id="sm-f">
         <name>__TI_prof_data_start</name>
         <value>0xffffffff</value>
      </symbol>
      <symbol id="sm-10">
         <name>__TI_prof_data_size</name>
         <value>0xffffffff</value>
      </symbol>
      <symbol id="sm-9f">
         <name>_timeout_ticks</name>
         <value>0x20002adc</value>
      </symbol>
      <symbol id="sm-a0">
         <name>timer_pause</name>
         <value>0x1f17</value>
         <object_component_ref idref="oc-dc"/>
      </symbol>
      <symbol id="sm-a1">
         <name>timer_resume</name>
         <value>0x1f29</value>
         <object_component_ref idref="oc-dc"/>
      </symbol>
      <symbol id="sm-a2">
         <name>timer_getMillis</name>
         <value>0x1f3b</value>
         <object_component_ref idref="oc-dc"/>
      </symbol>
      <symbol id="sm-a3">
         <name>_running</name>
         <value>0x20002b14</value>
         <object_component_ref idref="oc-150"/>
      </symbol>
      <symbol id="sm-a4">
         <name>timer_init</name>
         <value>0x1e75</value>
         <object_component_ref idref="oc-dc"/>
      </symbol>
      <symbol id="sm-a5">
         <name>timer_stop</name>
         <value>0x1eed</value>
         <object_component_ref idref="oc-dc"/>
      </symbol>
      <symbol id="sm-a6">
         <name>timer_getMicros</name>
         <value>0x1f93</value>
         <object_component_ref idref="oc-dc"/>
      </symbol>
      <symbol id="sm-a7">
         <name>timer_waitMillis</name>
         <value>0x201f</value>
         <object_component_ref idref="oc-dc"/>
      </symbol>
      <symbol id="sm-a8">
         <name>timer_waitMicros</name>
         <value>0x1fed</value>
         <object_component_ref idref="oc-dc"/>
      </symbol>
      <symbol id="sm-c3">
         <name>readingHole</name>
         <value>0x26b7</value>
         <object_component_ref idref="oc-ee"/>
      </symbol>
      <symbol id="sm-c4">
         <name>getEdgeTouching</name>
         <value>0x2761</value>
         <object_component_ref idref="oc-ee"/>
      </symbol>
      <symbol id="sm-c5">
         <name>readingEdge</name>
         <value>0x26d5</value>
         <object_component_ref idref="oc-ee"/>
      </symbol>
      <symbol id="sm-c6">
         <name>getHoleTouching</name>
         <value>0x2723</value>
         <object_component_ref idref="oc-ee"/>
      </symbol>
      <symbol id="sm-c7">
         <name>readingTarget</name>
         <value>0x2703</value>
         <object_component_ref idref="oc-ee"/>
      </symbol>
      <symbol id="sm-c8">
         <name>getTargetTouching</name>
         <value>0x279f</value>
         <object_component_ref idref="oc-ee"/>
      </symbol>
      <symbol id="sm-106">
         <name>lcd_sendCommand</name>
         <value>0x1a2f</value>
         <object_component_ref idref="oc-e2"/>
      </symbol>
      <symbol id="sm-107">
         <name>lcd_sendNibble</name>
         <value>0x1a6d</value>
         <object_component_ref idref="oc-e2"/>
      </symbol>
      <symbol id="sm-108">
         <name>lcd_clear</name>
         <value>0x3783</value>
         <object_component_ref idref="oc-157"/>
      </symbol>
      <symbol id="sm-109">
         <name>lcd_printf</name>
         <value>0x1b17</value>
         <object_component_ref idref="oc-e2"/>
      </symbol>
      <symbol id="sm-10a">
         <name>lcd_setCursorPos</name>
         <value>0x1ad9</value>
         <object_component_ref idref="oc-e2"/>
      </symbol>
      <symbol id="sm-10b">
         <name>lcd_init</name>
         <value>0x1919</value>
         <object_component_ref idref="oc-e2"/>
      </symbol>
      <symbol id="sm-10c">
         <name>lcd_puts</name>
         <value>0x1a11</value>
         <object_component_ref idref="oc-e2"/>
      </symbol>
      <symbol id="sm-10d">
         <name>lcd_putc</name>
         <value>0x19d9</value>
         <object_component_ref idref="oc-e2"/>
      </symbol>
      <symbol id="sm-10e">
         <name>lcd_reverseNibble</name>
         <value>0x18dd</value>
         <object_component_ref idref="oc-e2"/>
      </symbol>
      <symbol id="sm-10f">
         <name>lcd_gotoLine</name>
         <value>0x1ab1</value>
         <object_component_ref idref="oc-e2"/>
      </symbol>
      <symbol id="sm-120">
         <name>main</name>
         <value>0x3449</value>
         <object_component_ref idref="oc-a2"/>
      </symbol>
      <symbol id="sm-1eb">
         <name>go_charge</name>
         <value>0x97f</value>
         <object_component_ref idref="oc-e8"/>
      </symbol>
      <symbol id="sm-1ec">
         <name>GPIOF_Handler</name>
         <value>0xbc3</value>
         <object_component_ref idref="oc-e8"/>
      </symbol>
      <symbol id="sm-1ed">
         <name>oi_free</name>
         <value>0x279</value>
         <object_component_ref idref="oc-e8"/>
      </symbol>
      <symbol id="sm-1ee">
         <name>oi_getMotorCalibrationRight</name>
         <value>0xe01</value>
         <object_component_ref idref="oc-e8"/>
      </symbol>
      <symbol id="sm-1ef">
         <name>oi_uartReceive</name>
         <value>0xa31</value>
         <object_component_ref idref="oc-e8"/>
      </symbol>
      <symbol id="sm-1f0">
         <name>oi_setWheels</name>
         <value>0x88f</value>
         <object_component_ref idref="oc-e8"/>
      </symbol>
      <symbol id="sm-1f1">
         <name>oi_shutoff_init</name>
         <value>0xb51</value>
         <object_component_ref idref="oc-e8"/>
      </symbol>
      <symbol id="sm-1f2">
         <name>motor_cal_factor_L</name>
         <value>0x20002ae0</value>
         <object_component_ref idref="oc-193"/>
      </symbol>
      <symbol id="sm-1f3">
         <name>motor_cal_factor_R</name>
         <value>0x20002ae4</value>
         <object_component_ref idref="oc-193"/>
      </symbol>
      <symbol id="sm-1f4">
         <name>oi_parseInt</name>
         <value>0x36f3</value>
         <object_component_ref idref="oc-186"/>
      </symbol>
      <symbol id="sm-1f5">
         <name>oi_setMotorCalibration</name>
         <value>0xdb1</value>
         <object_component_ref idref="oc-e8"/>
      </symbol>
      <symbol id="sm-1f6">
         <name>oi_uartSendStr</name>
         <value>0xa59</value>
         <object_component_ref idref="oc-e8"/>
      </symbol>
      <symbol id="sm-1f7">
         <name>oi_close</name>
         <value>0x2c7</value>
         <object_component_ref idref="oc-e8"/>
      </symbol>
      <symbol id="sm-1f8">
         <name>oi_uartSendBuff</name>
         <value>0xa77</value>
         <object_component_ref idref="oc-e8"/>
      </symbol>
      <symbol id="sm-1f9">
         <name>oi_checkFirmware</name>
         <value>0xaa9</value>
         <object_component_ref idref="oc-e8"/>
      </symbol>
      <symbol id="sm-1fa">
         <name>oi_init_noupdate</name>
         <value>0x289</value>
         <object_component_ref idref="oc-e8"/>
      </symbol>
      <symbol id="sm-1fb">
         <name>oi_uartSendChar</name>
         <value>0xa15</value>
         <object_component_ref idref="oc-e8"/>
      </symbol>
      <symbol id="sm-1fc">
         <name>oi_alloc</name>
         <value>0x26d</value>
         <object_component_ref idref="oc-e8"/>
      </symbol>
      <symbol id="sm-1fd">
         <name>oi_getMotorCalibrationLeft</name>
         <value>0xded</value>
         <object_component_ref idref="oc-e8"/>
      </symbol>
      <symbol id="sm-1fe">
         <name>oi_loadSong</name>
         <value>0x915</value>
         <object_component_ref idref="oc-e8"/>
      </symbol>
      <symbol id="sm-1ff">
         <name>oi_play_song</name>
         <value>0x96b</value>
         <object_component_ref idref="oc-e8"/>
      </symbol>
      <symbol id="sm-200">
         <name>oi_parsePacket</name>
         <value>0x32b</value>
         <object_component_ref idref="oc-e8"/>
      </symbol>
      <symbol id="sm-201">
         <name>oi_setLeds</name>
         <value>0x84b</value>
         <object_component_ref idref="oc-e8"/>
      </symbol>
      <symbol id="sm-202">
         <name>oi_init</name>
         <value>0x2b1</value>
         <object_component_ref idref="oc-e8"/>
      </symbol>
      <symbol id="sm-203">
         <name>oi_update</name>
         <value>0x2d9</value>
         <object_component_ref idref="oc-e8"/>
      </symbol>
      <symbol id="sm-204">
         <name>oi_uartInit</name>
         <value>0x98d</value>
         <object_component_ref idref="oc-e8"/>
      </symbol>
      <symbol id="sm-221">
         <name>ResetISR</name>
         <value>0x37ad</value>
         <object_component_ref idref="oc-2a"/>
      </symbol>
      <symbol id="sm-222">
         <name>g_pfnVectors</name>
         <value>0x0</value>
         <object_component_ref idref="oc-12"/>
      </symbol>
      <symbol id="sm-250">
         <name>scalbn</name>
         <value>0x2901</value>
         <object_component_ref idref="oc-31d"/>
      </symbol>
      <symbol id="sm-251">
         <name>scalbnl</name>
         <value>0x2901</value>
         <object_component_ref idref="oc-31d"/>
      </symbol>
      <symbol id="sm-252">
         <name>ldexpl</name>
         <value>0x2901</value>
         <object_component_ref idref="oc-31d"/>
      </symbol>
      <symbol id="sm-253">
         <name>ldexp</name>
         <value>0x2901</value>
         <object_component_ref idref="oc-31d"/>
      </symbol>
      <symbol id="sm-285">
         <name>vsnprintf</name>
         <value>0x348d</value>
         <object_component_ref idref="oc-15e"/>
      </symbol>
      <symbol id="sm-29c">
         <name>__aeabi_dsub</name>
         <value>0x228d</value>
         <object_component_ref idref="oc-1a5"/>
      </symbol>
      <symbol id="sm-29d">
         <name>__aeabi_dadd</name>
         <value>0x2297</value>
         <object_component_ref idref="oc-1a5"/>
      </symbol>
      <symbol id="sm-2bf">
         <name>__aeabi_cdcmpeq</name>
         <value>0x2ed5</value>
         <object_component_ref idref="oc-27f"/>
      </symbol>
      <symbol id="sm-2c0">
         <name>__aeabi_cdcmple</name>
         <value>0x2ed5</value>
         <object_component_ref idref="oc-27f"/>
      </symbol>
      <symbol id="sm-2c1">
         <name>__aeabi_cdrcmple</name>
         <value>0x2f5b</value>
         <object_component_ref idref="oc-2ec"/>
      </symbol>
      <symbol id="sm-2d5">
         <name>__aeabi_ddiv</name>
         <value>0x2581</value>
         <object_component_ref idref="oc-19b"/>
      </symbol>
      <symbol id="sm-2e0">
         <name>__aeabi_dmul</name>
         <value>0x2b11</value>
         <object_component_ref idref="oc-196"/>
      </symbol>
      <symbol id="sm-2ea">
         <name>__aeabi_d2iz</name>
         <value>0x33bd</value>
         <object_component_ref idref="oc-2f1"/>
      </symbol>
      <symbol id="sm-2f6">
         <name>__aeabi_d2f</name>
         <value>0x313b</value>
         <object_component_ref idref="oc-1ad"/>
      </symbol>
      <symbol id="sm-301">
         <name>__aeabi_f2d</name>
         <value>0x3545</value>
         <object_component_ref idref="oc-1b2"/>
      </symbol>
      <symbol id="sm-30b">
         <name>__aeabi_i2d</name>
         <value>0x3615</value>
         <object_component_ref idref="oc-1a0"/>
      </symbol>
      <symbol id="sm-326">
         <name>memcpy</name>
         <value>0x2da3</value>
         <object_component_ref idref="oc-3e"/>
      </symbol>
      <symbol id="sm-327">
         <name>__aeabi_memcpy</name>
         <value>0x2da3</value>
         <object_component_ref idref="oc-3e"/>
      </symbol>
      <symbol id="sm-328">
         <name>__aeabi_memcpy8</name>
         <value>0x2da3</value>
         <object_component_ref idref="oc-3e"/>
      </symbol>
      <symbol id="sm-329">
         <name>__aeabi_memcpy4</name>
         <value>0x2da3</value>
         <object_component_ref idref="oc-3e"/>
      </symbol>
      <symbol id="sm-342">
         <name>__TI_zero_init_nomemset</name>
         <value>0x366d</value>
         <object_component_ref idref="oc-4a"/>
      </symbol>
      <symbol id="sm-359">
         <name>__TI_decompress_none</name>
         <value>0x3793</value>
         <object_component_ref idref="oc-1b"/>
      </symbol>
      <symbol id="sm-37c">
         <name>__TI_decompress_lzss</name>
         <value>0x31a9</value>
         <object_component_ref idref="oc-15"/>
      </symbol>
      <symbol id="sm-411">
         <name>_sys_memory</name>
         <value>0x20002270</value>
         <object_component_ref idref="oc-24"/>
      </symbol>
      <symbol id="sm-412">
         <name>free</name>
         <value>0x2c0d</value>
         <object_component_ref idref="oc-180"/>
      </symbol>
      <symbol id="sm-413">
         <name>memalign</name>
         <value>0x2a11</value>
         <object_component_ref idref="oc-2c2"/>
      </symbol>
      <symbol id="sm-414">
         <name>calloc</name>
         <value>0x350d</value>
         <object_component_ref idref="oc-17a"/>
      </symbol>
      <symbol id="sm-415">
         <name>malloc</name>
         <value>0x37c1</value>
         <object_component_ref idref="oc-215"/>
      </symbol>
      <symbol id="sm-416">
         <name>aligned_alloc</name>
         <value>0x2a11</value>
         <object_component_ref idref="oc-2c2"/>
      </symbol>
      <symbol id="sm-425">
         <name>strcmp</name>
         <value>0x370b</value>
         <object_component_ref idref="oc-164"/>
      </symbol>
      <symbol id="sm-433">
         <name>strcpy</name>
         <value>0x3739</value>
         <object_component_ref idref="oc-16a"/>
      </symbol>
      <symbol id="sm-447">
         <name>__stack</name>
         <value>0x20000270</value>
         <object_component_ref idref="oc-27"/>
      </symbol>
      <symbol id="sm-448">
         <name>_c_int00_noargs</name>
         <value>0x35b1</value>
         <object_component_ref idref="oc-5c"/>
      </symbol>
      <symbol id="sm-45e">
         <name>__aeabi_errno_addr</name>
         <value>0x37b9</value>
         <object_component_ref idref="oc-2a8"/>
      </symbol>
      <symbol id="sm-45f">
         <name>errno</name>
         <value>0x20002b10</value>
         <object_component_ref idref="oc-333"/>
      </symbol>
      <symbol id="sm-469">
         <name>copysign</name>
         <value>0x36c1</value>
         <object_component_ref idref="oc-369"/>
      </symbol>
      <symbol id="sm-46a">
         <name>copysignl</name>
         <value>0x36c1</value>
         <object_component_ref idref="oc-369"/>
      </symbol>
      <symbol id="sm-5d3">
         <name>__TI_printfi</name>
         <value>0xe8d</value>
         <object_component_ref idref="oc-1f1"/>
      </symbol>
      <symbol id="sm-5e2">
         <name>__aeabi_memset</name>
         <value>0x2fe3</value>
         <object_component_ref idref="oc-96"/>
      </symbol>
      <symbol id="sm-5e3">
         <name>memset</name>
         <value>0x2fe9</value>
         <object_component_ref idref="oc-96"/>
      </symbol>
      <symbol id="sm-5e4">
         <name>__aeabi_memset8</name>
         <value>0x2fe3</value>
         <object_component_ref idref="oc-96"/>
      </symbol>
      <symbol id="sm-5e5">
         <name>__aeabi_memset4</name>
         <value>0x2fe3</value>
         <object_component_ref idref="oc-96"/>
      </symbol>
      <symbol id="sm-5e6">
         <name>__aeabi_memclr8</name>
         <value>0x2fe1</value>
         <object_component_ref idref="oc-96"/>
      </symbol>
      <symbol id="sm-5e7">
         <name>__aeabi_memclr4</name>
         <value>0x2fe1</value>
         <object_component_ref idref="oc-96"/>
      </symbol>
      <symbol id="sm-5e8">
         <name>__aeabi_memclr</name>
         <value>0x2fe1</value>
         <object_component_ref idref="oc-96"/>
      </symbol>
      <symbol id="sm-5f5">
         <name>__aeabi_uldivmod</name>
         <value>0x2e3f</value>
         <object_component_ref idref="oc-2e5"/>
      </symbol>
      <symbol id="sm-61d">
         <name>__TI_auto_init_nobinit_nopinit</name>
         <value>0x3405</value>
         <object_component_ref idref="oc-102"/>
      </symbol>
      <symbol id="sm-627">
         <name>_system_pre_init</name>
         <value>0x37c9</value>
         <object_component_ref idref="oc-9c"/>
      </symbol>
      <symbol id="sm-633">
         <name>C$$EXIT</name>
         <value>0x37cd</value>
         <object_component_ref idref="oc-f6"/>
      </symbol>
      <symbol id="sm-634">
         <name>abort</name>
         <value>0x37cd</value>
         <object_component_ref idref="oc-f6"/>
      </symbol>
      <symbol id="sm-649">
         <name>_nop</name>
         <value>0x18db</value>
         <object_component_ref idref="oc-240"/>
      </symbol>
      <symbol id="sm-64a">
         <name>_lock</name>
         <value>0x20002b00</value>
         <object_component_ref idref="oc-1c7"/>
      </symbol>
      <symbol id="sm-64b">
         <name>_unlock</name>
         <value>0x20002b04</value>
         <object_component_ref idref="oc-1c7"/>
      </symbol>
      <symbol id="sm-65a">
         <name>__TI_ltoa</name>
         <value>0x32cb</value>
         <object_component_ref idref="oc-2f6"/>
      </symbol>
      <symbol id="sm-671">
         <name>atoi</name>
         <value>0x3371</value>
         <object_component_ref idref="oc-273"/>
      </symbol>
      <symbol id="sm-67c">
         <name>_ctypes_</name>
         <value>0x37d0</value>
         <object_component_ref idref="oc-2e0"/>
      </symbol>
      <symbol id="sm-68c">
         <name>memccpy</name>
         <value>0x36a5</value>
         <object_component_ref idref="oc-29c"/>
      </symbol>
      <symbol id="sm-69c">
         <name>strchr</name>
         <value>0x3723</value>
         <object_component_ref idref="oc-323"/>
      </symbol>
      <symbol id="sm-6aa">
         <name>strlen</name>
         <value>0x374d</value>
         <object_component_ref idref="oc-26d"/>
      </symbol>
      <symbol id="sm-6c3">
         <name>wcslen</name>
         <value>0x3761</value>
         <object_component_ref idref="oc-2a2"/>
      </symbol>
      <symbol id="sm-6d9">
         <name>frexpl</name>
         <value>0x3211</value>
         <object_component_ref idref="oc-317"/>
      </symbol>
      <symbol id="sm-6da">
         <name>frexp</name>
         <value>0x3211</value>
         <object_component_ref idref="oc-317"/>
      </symbol>
      <symbol id="sm-6e4">
         <name>__aeabi_idiv0</name>
         <value>0x2443</value>
         <object_component_ref idref="oc-354"/>
      </symbol>
      <symbol id="sm-6e5">
         <name>__aeabi_ldiv0</name>
         <value>0x2443</value>
         <object_component_ref idref="oc-354"/>
      </symbol>
      <symbol id="sm-714">
         <name>IntRegister</name>
         <value>0x357d</value>
         <object_component_ref idref="oc-14a"/>
      </symbol>
      <symbol id="sm-715">
         <name>g_pfnRAMVectors</name>
         <value>0x20000000</value>
         <object_component_ref idref="oc-1e3"/>
      </symbol>
      <symbol id="sm-716">
         <name>IntMasterEnable</name>
         <value>0x3773</value>
         <object_component_ref idref="oc-18d"/>
      </symbol>
      <symbol id="sm-720">
         <name>CPUcpsie</name>
         <value>0x37a1</value>
         <object_component_ref idref="oc-229"/>
      </symbol>
      <symbol id="sm-721">
         <name>__TI_static_base__</name>
         <value>0x0</value>
      </symbol>
      <symbol id="sm-724">
         <name>__mpu_init</name>
         <value>0x0</value>
      </symbol>
      <symbol id="sm-725">
         <name>_system_post_cinit</name>
         <value>0x0</value>
      </symbol>
   </symbol_table>
   <title>Link successful</title>
</link_info>
